[   0.00000Linu vrsion 4.15.0-88-generc build@gw01amd64-036) (gcc ersion 7.4.0 (Ubuntu 7.4.0-1ubuntu1~18.04.1)) #88-Ubuntu SMP Tue Feb 11 20:11:34 UTC 2020 (Ubuntu 4.15.0-88.88-generic 4.15.18)
[    000000 Cmmand line: BOOT_IMAGE=/boot/vmlinuz-4.15.0-88-generic root=UUID=22d612d6-934b-4d55-995d-16aeb1bc5d8a ro console=tty1 console=ttyS0
[    0.000000] KERNEL supported cpus:
[   0.0000]   Itel GeninInte
[    .00000]   AMD AuthenticAMD
[    0.000000]   Centaur CentaurHauls
[    0.000000] x86/fpu: Supporting XSAVE feature 0x001: 'x87 floating point registers'
[    0.000000] x86/fpu: Supporting XSAVE feature 0x002:'SSE regiers'
[   .00000 x86/fp: uppoing XSAVE feature 0x4: 'VXregites'
[   .00000 x86/fp: state_offset[2]:  576, xstate_sies2]  256
[   0.0000x86/fpu: Enabledxsate features 0x7, context size is 832 bytes, using 'standard' format.
[    0.000000] e820: BIOS-provided physical RAM map:
[    0.000000] BIOS-e820: [mem 00000000000000000-0x000000000009fbff] usable
[    0.000000] BIOS-e820: [mem 0x000000000009fc00-0x000000000009ffff] reserved
[    0.000000] BIOS-e820: [mem 0x00000000000f0000-000000000fffff] reservved
[    0.000000] BIOS-e820: [mem 0x0000000000100000-0x000000003ffeffff] usable
[    0.000000] BIOS-e820: [mem 0x000000003fff0000-0x000000003fffffff] ACPI data
[   .00000 BIO-e20: [mem 0x0000000fc000000x000000fec00fff] reserved
[    0.000000] BIOS-e820: [mem 0x00000000fee00000-0x00000000fee00fff] reserved
[    0.000000] BIOS-e820: [mem 0x00000000fffc0000-0x00000000ffffffff] reserved
[    0.000000] NX (Execute Disable) protection: active
[    0.000000] SMBIOS 2.5 present.
[    0.000000] DMI: innotek GmbH VirtualBox/VirtualBox, BIOS VirtualBox 12/01/2006
[    0.000000] Hypervisor detected: KVM
[    0.000000] e820: last_pfn = 0x3fff0 max_arch_pfn = 0x400000000
[    0.000000] MTRR: Disabled
[    0.000000] x86/PAT: MTRRs disabled, skipping PAT initialization too.
[    0.000000] CPU MTRRs all blank - virtualized system.
[    0.000000] x86/PAT: Configuration [0-7]: WB  WT  UC- UC  WB  WT  UC- UC  
[    0.000000] found SMP MP-table at [mem0x009fff-00009fff]
[    0.000000] Scannig 1 ares fo low memor corption
[    0.000000] RAMDISK: [mem 0x35967000-0x36caafff]
[    0.000000] ACPI: Early table checksum verification disabled
[    0.000000] ACPI: RSDP 0x00000000000E0000 000024 (v02 VBOX  )
[    0.000000] ACPI: XSDT 0x000000003FFF0030 00003C (v01 VBOX   VBOXXSDT 000001 AL 0000061)
[    0.000000] ACPI: FACP 0x000000003FFF00F0 0000F4 (v04 VBOX   VBOXFACP 00000001 ASL  00000061)
[    0.000000] ACPI: DSDT 0x000000003FFF0470 0021FF (v02 VBOX   VBOXBIOS 00000002 INTL 20100528)
[    0.000000] ACPI: FACS 0x000000003FFF0200 000040
[    0.000000] ACPI: FACS 0x000000003FFF0200 000040
[    0.000000] ACPI: APIC 0x000000003FFF0240 00005C (v02 VBX   VBOXAPIC 00000001 ASL  00000061)
[    0.000000] ACPI: SSDT 0x000000000FFF02A0 0001CC (v01 VBOX   VBOXCPUT 00000002 INTL 20100528)
[    0.000000] No NUMA configuration found
[   0.0000] Faking a node at [mem 0x00000000000000000x00000003ffeffff]
[    0.000000] NODE_DATA(0) allocated [mem 0x3ffc5000-0x3ffeffff]
[    0.000000] kvm-clock: cpu 0, msr 0:3ff44001, primary cpu clock
[    0.000000] kvm-clock: Using msrs 4b564d01 and 4b564d00
[    0.000000] kvm-clock: sig sch offset of 4210823261 cycles
[    0.000000] clocksource: kvm-clock: mask: 0xfffffffffffff maxycles: 0x1cd42e4dffb, max_idle_ns: 881590591483 ns
[    0.000000] Zone ranges:
[    0.000000]   DMA      [mem 0x0000000000001000-0x0000000000ffffff]
[    0.000000]   DMA32    [mem 0x0000000001000000-0x000000003ffeffff]
[    0.0000000]   Normal   empty
[    0.000000]   Device   empty
[    0.000000] Movable zone start for each node
[    0.000000] Early memory node ranges
[    0.00000]   nod  0: [mem 0x0000000000100-x0000000009efff]
[   0.00000   nde  : [mm x000000000000x0000003fffff][    0.0000] Reserved but unavailable: 98 pages
[   0.00000] Iniem setup node 0 [mem 0x00000000001000-0x000000003fffff]
[    0.000000] ACPI: PM-Tmer IO Port: 0x4008
[    0.000000] IOAPIC[0]: apic_id 2, version 32address0xfe0000, SI0-3
[   0000000] ACP: IN_SC_OVR bu 0 bs_rq globairq  dl dfl)
[   0.00000] ACPI: INT_SRC_OVR (bs  bus_iq  gloalirq 9 lo level)
[   0.00000] sing API(MADT) for  SMP configuration information
[    0.000000] smpboot: Allowing 2 CPUs, 0 hotplug CPUs
[    0.000000] PM: Registered nosave memory: [mem 0x00000000-0x00000fff]
[    0.000000] PM: Registered nosave memor: [me0x000900-0x09ffff]
[    0.000000] PM: Registered nosave memory: [mem 0x000a0000-0x000effff]
[    0.000000] PM: Registered nosave memory: [memm 0x00f000-0x000fff]
   0.0000] e820 [em 04000000-0xebffff] availbl forPCIdeics[    0000000]Bootig aravrtalizedkernl n KVM
[   0.0000]clockource: rfiedjifies: mask: 0xffffffff max_ccles: 0xffffff, ma_ile_n: 64516002158 n
    000000] rndom get_random_bytes alled from start_kernel+0x99/0xd with crng_int=0[   0.00000] setuppecpu: NRCPS:8192nrcpumask_bits:2nr_c_ids2 r_ne_id1
[   0.0000] ercpu:Embeddd 5 pag/cpus17456r8192 d2872 u4857
    .00000 P qpiloc hash ableenries 26 (ode: 0, 409 btes)
[   0.000000] Built 1 zoelsts,moilit gouin on. Ttal paes 2573
[    0.000000] Policy zone: DMA32
[    0.000000] Kernel command line: BOOT_IMAGE=/boot/vlinu-4.15.088generic root=UUID=22d612d6-934b-d5-95d16ae1bc5d8a rocosole=tty1 console=ttyS0
[    0.000000] Memory: 982544K/1048120K available (12300K kernel code, 2481K rwdata, 4264K rodata, 2428K init, 2712K bss, 65576K reserved, 0K cma-reserved)
[    0.00000]SLUB Halign=64, Order=0-3, MinObjects=0, CPUs=2, Nodes=1
[    0.000000] Kernel/User page tables isolation: enabled
[    0.000000] frae: aloatng3944enris in 54pages
[    0.004000] Hierarchical RCU implementation.
[    0.004000] 	RCU restricting CPUs from NR_CPUS=8192 tonrcpu_ds2.
[    0.004000] 	Tasks RCU enabled.
[    0.004000] RCU: Adjusting geometry for rcu_fanout_leaf=16, nr_cpu_ids=2
[    00400]NR_IRQS: 524544, nr_irqs: 440, prallocated irqs: 16
[    0.004000] Console: colour VGA+ 80x25
[    0.004000] console [tty1] enabled
[    0.004000] console [ttyS0] enabled
[    0.004000] ACPI: Core revision 20170831
[    0.004000] ACP: 2 ACPI AL tale successfully acquired and loaded
[    0.004000] APIC: Switch to symmetric I/O mode setup
[    0.004000] x2apic enabled
[    0.004000] Switched APIC routing to physicalx2apic.
[    0.005674] ..TIMER: vector=0x30 apic1=0 pin1=2 apic2=-1 pin2=-1
[    0.008006] tsc: Detected 2599.998 MHz processor
[    0.009451] Calibrating delay loop (skipped) preset value.. 5199.99 BogoMIPS (lpj=10399992)
[    0.012003] pid_max: default: 32768 minimum: 301
[    0.013535] Security Framework initialized
[    0.014612] Yama: becoming mindful.
[    0.016026] AppArmor: AppArmor initialized
[    0.018998] Dentry cache hash table entries: 131072 (order: 8, 1048576 bytes)
[    0.020077] Inode-cache hash table entries: 65536 (order: 7, 524288 bytes)
[    0.022185] Mount-cache hash table entries: 2048 (order: 2, 16384 bytes)
[    0.024013] Mountpoint-cache hash table entries: 2048 (order: 2, 16384 bytes)
[    0.028232] Last level iTLB entries: 4KB 1024, 2MB 1024, 4MB 1024
[    0.030114] Last level dTLB entries: 4KB 1024, 2MB 1024, 4MB 1024, 1GB 4
[    0.032006] Spectre V1 : Mitigation: usercopy/swapgs barriers and __user pointer sanitization
[    0.036003] Spectre V2 : Mitigation: Full generic retpoline
[    0.040003] Spectre V2 : Spectre v2 / SpectreRSB mitigation: Filling RSB on context switch
[    0.044003] Speculative Store Bypass: Vulnerable
[    0.048051] MDS: Vulnerable: Clear CPU buffers attempted, no microcode
[    0.052165] Freeing SMP alternatives memory: 36K
[    0.164089] smpboot: CPU0: Intel(R) Core(TM) i5-4278U CPU @ 2.60GHz (family: 0x6, model: 0x45, stepping: 0x1)
[    0.168088] Performance Events: unsupported p6 CPU model 69 no PMU driver, software events only.
[    0.172055] Hierarchical SRCU implementation.
[    0.176794] NMI watchdog: Perf event create on CPU 0 failed with -2
[    0.180006] NMI watchdog: Perf NMI watchdog permanently disabled
[    0.184086] smp: Bringing up secondary CPUs ...
[    0.188135] x86: Booting SMP configuration:
[    0.192008] .... node  #0, CPUs:      #1
[    0.004000] kvm-clock: cpu 1, msr 0:3ff44041, secondary cpu clock
[    0.208027] smp: Brought up 1 node, 2 CPUs
[    0.212013] smpboot: Max logical packages: 1
[    0.216008] smpboot: Total of 2 processors activated (10399.99 BogoMIPS)
[    0.220180] devtmpfs: initialized
[    0.224075] x86/mm: Memory block size: 128MB
[    0.228197] evm: security.selinux
[    0.232029] evm: security.SMACK64
[    0.236006] evm: security.SMACK64EXEC
[    0.240004] evm: security.SMACK64TRANSMUTE
[    0.244004] evm: security.SMACK64MMAP
[    0.248006] evm: security.apparmor
[    0.252003] evm: security.ima
[    0.256005] evm: security.capability
[    0.260112] clocksource: jiffies: mask: 0xffffffff max_cycles: 0xffffffff, max_idle_ns: 7645041785100000 ns
[    0.264021] futex hash table entries: 512 (order: 3, 32768 bytes)
[    0.270526] pinctrl core: initialized pinctrl subsystem
[    0.272125] RTC time:  7:21:47, date: 03/16/20
[    0.276267] NET: Registered protocol family 16
[    0.280129] audit: initializing netlink subsys (disabled)
[    0.284053] audit: type=2000 audit(1584343300.593:1): state=initialized audit_enabled=0 res=1
[    0.372013] cpuidle: using governor ladder
[    0.376018] cpuidle: using governor menu
[    0.380052] ACPI: bus type PCI registered
[    0.384007] acpiphp: ACPI Hot Plug PCI Controller Driver version: 0.5
[    0.388139] PCI: Using configuration type 1 for base access
[    0.397142] HugeTLB registered 2.00 MiB page size, pre-allocated 0 pages
[    0.404235] ACPI: Added _OSI(Module Device)
[    0.408019] ACPI: Added _OSI(Processor Device)
[    0.412008] ACPI: Added _OSI(3.0 _SCP Extensions)
[    0.416017] ACPI: Added _OSI(Processor Aggregator Device)
[    0.420009] ACPI: Added _OSI(Linux-Dell-Video)
[    0.424012] ACPI: Added _OSI(Linux-Lenovo-NV-HDMI-Audio)
[    0.428009] ACPI: Added _OSI(Linux-HPI-Hybrid-Graphics)
[    0.432641] ACPI: Executed 1 blocks of module-level executable AML code
[    0.441403] ACPI: Interpreter enabled
[    0.444026] ACPI: (supports S0 S5)
[    0.448007] ACPI: Using IOAPIC for interrupt routing
[    0.452284] PCI: Using host bridge windows from ACPI; if necessary, use "pci=nocrs" and report a bug
[    0.456241] ACPI: Enabled 2 GPEs in block 00 to 07
[     .468000] ACPI: PCI Root Bridge [PCI0] (domain 0000 [bus 00-ff])
[    0.468018] acpi PNP0A03:00: _OSC: OS supports [ASPM ClockPM Segments MSI]
[    0.472052] acpi PNP0A03:00: _OSC: not requesting OS control; OS requires [ExtendedConfig ASPM ClockPM MSI]
[    0.476026] acpi PNP0A03:00: fail to add MMCONFIG information, can't access extended PCI configuration space under this bridge.
[    0.480512] PCI host bridge to bus 0000:00
[    0.484013] pci_bus 0000:00: root bus resource [io  0x0000-0x0cf7 window]
[    0.488010] pci_bus 0000:00: root bus resource [io  0x0d00-0xffff window]
[    0.492011] pci_bus 0000:00: root bus resource [mem 0x000a0000-0x000bffff window]
[    0.496011] pci_bus 0000:00: root bus resource [mem 0x40000000-0xfdffffff window]
[    0.500010] pci_bus 0000:00: root bus resource [bus 00-ff]
[    0.509744] pci 0000:00:01.1: legacy IDE quirk: reg 0x10: [io  0x01f0-0x01f7]
[    0.512011] pci 0000:00:01.1: legacy IDE quirk: reg 0x14: [io  0x03f6]
[    0.516010] pci 0000:00:01.1: legacy IDE quirk: reg 0x18: [io  0x0170-0x0177]
[    0.520016] pci 0000:00:01.1: legacy IDE quirk: reg 0x1c: [io  0x0376]
[    0.547333] pci 0000:00:07.0: quirk: [io  0x4000-0x403f] claimed by PIIX4 ACPI
[    0.548047] pci 0000:00:07.0: quirk: [io  0x4100-0x410f] claimed by PIIX4 SMB
[    0.569828] ACPI: PCI Interrupt Link [LNKA] (IRQs 5 9 10 *11)
[    0.572495] ACPI: PCI Interrupt Link [LNKB] (IRQs 5 9 *10 11)
[    0.576211] ACPI: PCI Interrupt Link [LNKC] (IRQs 5 *9 10 11)
[    0.580187] ACPI: PCI Interrupt Link [LNKD] (IRQs 5 9 10 *11)
[    0.584462] SCSI subsystem initialized
[    0.588072] pci 0000:00:02.0: vgaarb: setting as boot VGA device
[    0.592000] pci 0000:00:02.0: vgaarb: VGA device added: decodes=io+mem,owns=io+mem,locks=none
[    0.592012] pci 0000:00:02.0: vgaarb: bridge control possible
[    0.596006] vgaarb: loaded
[    0.600055] ACPI: bus type USB registered
[    0.604043] usbcore: registered new interface driver usbfs
[    0.605885] usbcore: registered new interface driver hub
[    0.608047] usbcore: registered new device driver usb
[    0.612148] EDAC MC: Ver: 3.0.0
[    0.616994] PCI: Using ACPI for IRQ routing
[    0.620911] NetLabel: Initializing
[    0.624006] NetLabel:  domain hash size = 128
[    0.625537] NetLabel:  protocols = UNLABELED CIPSOv4 CALIPSO
[    0.628037] NetLabel:  unlabeled traffic allowed by default
[    0.632110] clocksource: Switched to clocksource kvm-clock
[   0.255]FSDi qtadqt_6..0
    1.143] S:qu-cheastae tres 52 rd 0406 te
[   1.7364] AppArm: pArmor Flestm abled
[    2.310179] pnp: PnP ACPI init
[  2121]pn P AI:ou 3evces

[  2380]clckur: cpi_pmma: ffffaxyces0xff, x_les:08014 ns
[   3.878464] ETRestedprtocolfamily 2
[    4233690] TCP established hash table entries: 8192 (order: 4, 65536 bytes)
[    4.267621] TCP bind hash table entries: 8192 (order: 5, 131072 bytes)
[    4.269663] TCP: Hash tables configured (estblhe81 bd 92
[   5796UDha tlentes512 (orde: , 6384 ytes)
[   2178UDPLi hh ab eri: 2 rd:  184yt)  5.4899] NET: Registeredproc fily 1
[    6.340680] pci 0000:00:00.0: Limiting direct CICIranfe
  6.19] i 000:.0AcvangSAMAang wokauns
[    7.268] i 000:.0Vio vi wh adweROatme0x0c000x000dffff]
[    8.195872] Unpackig itmf...
[    8.738940] Freeing initrd memory: 19728K
[    8.811352] clocksource: tsc: mask: 0xffffffffffffffff max_cycles: 0x257a3a7b45f, max_idle_ns: 440795312762 ns
[    8.993811] platform rtc_cmos: registered platform RTC device (no PNP device found)
[    9.112240] Scanning for low memory corruption every 60 seconds
[    9.233209] Initialise system trusted keyrings
[    9.285759] Key type blacklist registered
[    9.335593] workingset: timestamp_bits=36 max_order=18 bucket_order=0
[    9.339239] zbud: loaded
[    9.348294] squashfs: version 4.0 (2009/01/31) Phillip Lougher
[    9.388092] fuse init (API version 7.26)
[    9.457984] Key type asymmetric registered
[    9.476514] Asymmetric key parser 'x509' registered
[    9.478106] Block layer SCSI generic (bsg) driver version 0.4 loaded (major 246)
[    9.521125] io scheduler noop registered
[    9.554515] io scheduler deadline registered
[    9.574992] io scheduler cfq registered (default)
[    9.585045] ACPI: AC Adapter [AC] (on-line)
[    9.642661] input: Power Button as /devices/LNXSYSTM:00/LNXPWRBN:00/input/input0
[    9.657498] ACPI: Power Button [PWRF]
[    9.689678] input: Sleep Button as /devices/LNXSYSTM:00/LNXSLPBN:00/input/input1
[    9.722746] ACPI: Sleep Button [SLPF]
[    9.766657] Serial: 8250/16550 driver, 32 ports, IRQ sharing enabled
[    9.767922] ACPI: Battery Slot [BAT0] (battery present)
Pÿ[    9.885764] 00:02: ttyS0 at I/O 0x3f8 (irq = 4, base_baud = 115200) is a 16550A
[   10.030369] Linux agpgart interface v0.103
[   10.087628] loop: module loaded
[   10.118592] scsi host0: ata_piix
[   10.161859] scsi host1: ata_piix
[   10.165406] ata1: PATA max UDMA/33 cmd 0x1f0 ctl 0x3f6 bmdma 0xd000 irq 14
[   10.256344] ata2: PATA max UDMA/33 cmd 0x170 ctl 0x376 bmdma 0xd008 irq 15
[   10.360120] libphy: Fixed MDIO Bus: probed
[   10.457100] tun: Universal TUN/TAP device driver, 1.6
[   10.565284] PPP generic driver version 2.4.2
[   10.578392] ehci_hcd: USB 2.0 'Enhanced' Host Controller (EHCI) Driver
[   10.598057] ehci-pci: EHCI PCI platform driver
[   10.605836] ehci-platform: EHCI generic platform driver
[   10.614432] ohci_hcd: USB 1.1 'Open' Host Controller (OHCI) Driver
[   10.622728] ohci-pci: OHCI PCI platform driver
[   10.629609] ohci-platform: OHCI generic platform driver
[   10.643170] uhci_hcd: USB Universal Host Controller Interface driver
[   10.648697] i8042: PNP: PS/2 Controller [PNP0303:PS2K,PNP0f03:PS2M] at 0x60,0x64 irq 1,12
[   10.658485] serio: i8042 KBD port at 0x60,0x64 irq 1
[   10.663640] serio: i8042 AUX port at 0x60,0x64 irq 12
[   10.670604] mousedev: PS/2 mouse device common for all mice
[   10.679133] input: AT Translated Set 2 keyboard as /devices/platform/i8042/serio0/input/input2
[   10.680670] rtc_cmos rtc_cmos: rtc core: registered rtc_cmos as rtc0
[   10.694391] rtc_cmos rtc_cmos: alarms up to one day, 114 bytes nvram
[   10.697806] i2c /dev entries driver
[   10.699034]deceaperuentversion 10.

[   11.081018] device-mapper: ioctl: 4.37.0-ioctl (2017-09-20) initialised: dm-devel@redhat.com
[   11.190254] ledtrig-cpu: registered to indicate activity on CPUs
[   11.277990] NET: Registered protocol family 10
[   11.319350] Segment Routing with IPv6
[   11.326029] NET: Registered protocol family 17
[   11.334930] Key type dns_resolver registered
[   11.339086] mce: Using 0 MCE banks
[   11.346212] RAS: Correctable Errors collector initialized.
[   11.357672] sched_clock: Marking stable (11357591044, 0)->(26984802564, -15627211520)
[   11.377589] registered taskstats version 1
[   11.381934] Loading compiled-in X.509 certificates
[   11.390579] Loaded X.509 cert 'Build time autogenerated kernel key: f0020782f0d3a548186fb3f47aed88387a71e859'
[   11.401950] zswap: loaded using pool lzo/zbud
[   11.439516] Key type big_key registered
[   11.473966] Key type trusted registered
[   11.516104] Key type encrypted registered
[   11.604302] AppArmor: AppArmor sha1 policy hashing enabled
[   11.624135] ima: No TPM chip found, activating TPM-bypass! (rc=-19)
[   11.626303] ima: Allocated hash algorithm: sha1
[   11.647375] evm: HMAC attrs: 0x1
[   11.697833]   Magic number: 12:745:369
[   11.712366] rtc_cmos rtc_cmos: setting system clock to 2020-03-16 07:22:01 UTC (1584343321)
[   11.734240] BIOS EDD facility v0.16 2004-Jun-25, 0 devices found
[   11.743462] EDD information not available.
[   11.762444] Freeing unused kernel image memory: 2428K
[   11.784198] Write protecting the kernel read-only data: 20480k
[   11.794839] Freeing unused kernel image memory: 2008K
[   12.442857] Freeing unused kernel image memory: 1880K
[   13.514823] x86/mm: Checked W+X mappings: passed, no W+X pages found.
[   15.073585] x86/mm: Checking user space page tables
[   16.163647] x86/mm: Checked W+X mappings: passed, no W+X pages found.
Loading, please wait...
starting version 237
[   17.284037] e1000: Intel(R) PRO/1000 Network Driver - version 7.3.21-k8-NAPI
[   17.306477] e1000: Copyright (c) 1999-2006 Intel Corporation.
[   17.324302] Fusion MPT base driver 3.04.20
[   17.392143] Copyright (c) 1999-2008 LSI Corporation
[   17.458447] AVX2 version of gcm_enc/dec engaged.
[   17.472380] AES CTR mode by8 optimization enabled
[   17.529536] input: ImExPS/2 Generic Explorer Mouse as /devices/platform/i8042/serio1/input/input4
[   17.566849] Fusion MPT SPI Host driver 3.04.20
[   17.965373] e1000 0000:00:03.0 eth0: (PCI:33MHz:32-bit) 02:6f:f9:1e:39:dc
[   18.013302] e1000 0000:00:03.0 eth0: Intel(R) PRO/1000 Network Connection
[   18.675012] e1000 0000:00:08.0 eth1: (PCI:33MHz:32-bit) 08:00:27:56:f6:c9
[   18.712341] e1000 0000:00:08.0 eth1: Intel(R) PRO/1000 Network Connection
[   18.717960] e1000 0000:00:08.0 enp0s8: renamed from eth1
[   18.747395] mptbase: ioc0: Initiating bringup
[   18.778365] e1000 0000:00:03.0 enp0s3: renamed from eth0
[   18.860563] ioc0: LSI53C1030 A0: Capabilities={Initiator}
[   19.195983] scsi host2: ioc0: LSI53C1030 A0, FwRev=00000000h, Ports=1, MaxQ=256, IRQ=20
[   19.600757] scsi 2:0:0:0: Direct-Access     VBOX     HARDDISK         1.0  PQ: 0 ANSI: 5
[   20.521293] scsi target2:0:0: Beginning Domain Validation
[   21.253513] scsi target2:0:0: Domain Validation skipping write tests
[   22.262372] scsi target2:0:0: Ending Domain Validation
[   23.319202] scsi target2:0:0: asynchronous
[   23.323366] scsi 2:0:1:0: Direct-Access     VBOX     HARDDISK         1.0  PQ: 0 ANSI: 5
[   24.521780] scsi target2:0:1: Beginning Domain Validation
[   25.372198] random: fast init done
[   26.094335] scsi target2:0:1: Domain Validation skipping write tests
[   26.605440] scsi target2:0:1: Ending Domain Validation
[   27.392824] scsi target2:0:1: asynchronous
[   28.215783] random: systemd-udevd: uninitialized urandom read (16 bytes read)
[   28.412388] sd 2:0:0:0: Attached scsi generic sg0 type 0
[   28.415168] random: systemd-udevd: uninitialized urandom read (16 bytes read)
[   28.417628] sd 2:0:1:0: Attached scsi generic sg1 type 0
[   28.434840] random: systemd-udevd: uninitialized urandom read (16 bytes read)
[   28.500154] sd 2:0:0:0: [sda] 20971520 512-byte logical blocks: (10.7 GB/10.0 GiB)
[   28.559605] sd 2:0:0:0: [sda] Write Protect is off
[   28.562583] sd 2:0:1:0: [sdb] 20480 512-byte logical blocks: (10.5 MB/10.0 MiB)
[   28.564371] sd 2:0:0:0: [sda] Incomplete mode parameter data
[   28.598508] sd 2:0:0:0: [sda] Assuming drive cache: write through
[   29.212621] sd 2:0:1:0: [sdb] Write Protect is off
[   29.292353] sd 2:0:1:0: [sdb] Incomplete mode parameter data
[   29.293680]  sda: sda1
[   29.297509] sd 2:0:1:0: [sdb] Assuming drive cache: write through
[   29.351819] sd 2:0:0:0: [sda] Attached SCSI disk
[   29.520168] sd 2:0:1:0: [sdb] Attached SCSI disk
Begin: Loading essential drivers ... [   31.128203] raid6: sse2x1   gen()  9020 MB/s
[   31.228179] raid6: sse2x1   xor()  7310 MB/s
[   31.332037] raid6: sse2x2   gen() 12187 MB/s
[   31.420274] raid6: sse2x2   xor()  7921 MB/s
[   31.524232] raid6: sse2x4   gen() 14600 MB/s
[   31.628279] raid6: sse2x4   xor()  9147 MB/s
[   31.728244] raid6: avx2x1   gen() 19620 MB/s
[   31.832049] raid6: avx2x1   xor() 13535 MB/s
[   31.904260] raid6: avx2x2   gen() 22900 MB/s
[   31.980172] raid6: avx2x2   xor() 10506 MB/s
[   32.064261] raid6: avx2x4   gen() 19676 MB/s
[   32.152538] raid6: avx2x4   xor() 16516 MB/s
[   32.180460] raid6: using algorithm avx2x2 gen() 22900 MB/s
[   32.206290] raid6: .... xor() 10506 MB/s, rmw enabled
[   32.258687] raid6: using avx2x2 recovery algorithm
[   32.318812] xor: automatically using best checksumming function   avx       
[   32.403424] async_tx: api initialized (async)
done.
Begin: Running /scripts/init-pre[   32.552135] Btrfs loaded, crc32c=crc32c-intel
mount ... done.
Begin: Mounting root file system ... Begin: Running /scripts/local-top ... done.
Begin: Runnin[   32.636294] EXT4-fs (sda1): INFO: recovery required on readonly filesystem
g /scripts/local[   32.705607] EXT4-fs (sda1): write access will be enabled during recovery
-premount ... Scanning for Btrfs filesystems
done.
Warning: fsck not present, so skipping root file system
[   33.130895] EXT4-fs (sda1): recovery complete
[   33.152417] EXT4-fs (sda1): mounted filesystem with ordered data mode. Opts: (null)
done.
Begin: Running /scripts/local-bottom ... done.
Begin: Running /scripts/init-bottom ... done.
[   33.896739] ip_tables: (C) 2000-2006 Netfilter Core Team
[   34.029509] systemd[1]: systemd 237 running in system mode. (+PAM +AUDIT +SELINUX +IMA +APPARMOR +SMACK +SYSVINIT +UTMP +LIBCRYPTSETUP +GCRYPT +GNUTLS +ACL +XZ +LZ4 +SECCOMP +BLKID +ELFUTILS +KMOD -IDN2 +IDN -PCRE2 default-hierarchy=hybrid)
[   34.236181] systemd[1]: Detected virtualization oracle.
[   34.242982] systemd[1]: Detected architecture x86-64.

Welcome to [1mUbuntu 18.04.3 LTS[0m!

[   34.255911] systemd[1]: Set hostname to <ubuntu-bionic>.
[   34.703901] systemd[1]: Set up automount Arbitrary Executable File Formats File System Automount Point.
[[0;32m  OK  [0m] Set up automount Arbitrary Executabâ€¦rmats File System Automount Point.
[   34.858938] systemd[1]: Created slice User and Session Slice.
[[0;32m  OK  [0m] Created slice User and Session Slice.
[   35.068643] systemd[1]: Reached target System Time Synchronized.
[[0;32m  OK  [0m] Reached target System Time Synchronized.
[   35.305362] systemd[1]: Reached target Swap.
[[0;32m  OK  [0m] Reached target Swap.
[   35.377013] systemd[1]: Created slice System Slice.
[[0;32m  OK  [0m] Created slice System Slice.
[   35.404477] systemd[1]: Listening on udev Kernel Socket.
[[0;32m  OK  [0m] Listening on udev Kernel Socket.
[[0;32m  OK  [0m] Listening on Device-mapper event daemon FIFOs.
[[0;32m  OK  [0m] Listening on LVM2 metadata daemon socket.
[[0;32m  OK  [0m] Listening on Journal Audit Socket.
[[0;32m  OK  [0m] Started Forward Password Requests to Wall Directory Watch.
[[0;32m  OK  [0m] Listening on LVM2 poll daemon socket.
[[0;32m  OK  [0m] Listening on Network Service Netlink Socket.
[[0;32m  OK  [0m] Listening on /dev/initctl Compatibility Named Pipe.
[[0;32m  OK  [0m] Listening on Syslog Socket.
[[0;32m  OK  [0m] Listening on udev Control Socket.
[[0;32m  OK  [0m] Reached target Slices.
[[0;32m  OK  [0m] Created slice system-serial\x2dgetty.slice.
[[0;32m  OK  [0m] Listening on Journal Socket (/dev/log).
[[0;32m  OK  [0m] Listening on Journal Socket.
         Starting Journal Service...
         Starting Load Kernel Modules...
         Starting udev Coldplug all Devices...
         [   35.722686] Loading iSCSI transport class v2.0-870.
Mounting POSIX Message Queue File System...
         [   35.745800] iscsi: registered transport (tcp)
Mounting Huge Pages File System...
         Starting Monitoring of LVM2 mirr[   35.839730] iscsi: registered transport (iser)
orsâ€¦ng dmeventd or progress polling...
         Starting Uncomplicated firewall...
         Starting Set the console keyboard layout...
         Starting Remount Root a[   36.116346] EXT4-fs (sda1): re-mounted. Opts: (null)
nd Kernel File Systems...
         Starting Create list of required stâ€¦ce nodes for the current kernel...
         Mounting Kernel Debug File System...
[[0;32m  OK  [0m] Reached target User and Group Name Lookups.
[[0;32m  OK  [0m] Started Journal Service.
[[0;32m  OK  [0m] Started Load Kernel Modules.
[[0;32m  OK  [0m] Mounted POSI[   36.535835] random: crng init done
[   36.584647] random: 7 urandom warning(s) missed due to ratelimiting
X Message Queue File System.
[[0;32m  OK  [0m] Mounted Huge Pages File System.
[[0;32m  OK  [0m] Started Uncomplicated firewall.
[[0;32m  OK  [0m] Started Set the console keyboard layout.
[[0;32m  OK  [0m] Started Remount Root and Kernel File Systems.
[[0;32m  OK  [0m] Started Create list of required staâ€¦vice nodes for the current kernel.
[[0;32m  OK  [0m] Mounted Kernel Debug File System.
[[0;32m  OK  [0m] Started udev Coldplug all Devices.
[[0;32m  OK  [0m] Started LVM2 metadata daemon.
         Starting Create Static Device Nodes in /dev...
         Starting Load/Save Random Seed...
         Mounting Kernel Configuration File System...
         Starting Apply Kernel Variables...
         Mounting FUSE Control File System...
         Starting Flush Journal to Persistent Storage...
[[0;32m  OK  [0m] Started Monitoring of LVM2 mirrors,â€¦sing dmeventd or progress polling.
[[0;32m  OK  [0m] Started Create Static Device Nodes in /dev.
[[0;32m  OK  [0m] Started Load/Save Random Seed.
[[0;32m  OK  [0m] Mounted Kernel Configuration File System.
[[0;32m  OK  [0m] Started Apply Kernel Variables.
[[0;32m  OK  [0m] Mounted FUSE Control File System.
         Starting udev Kernel Device Manager...
[[0;32m  OK  [0m] Reached target Local File Systems (Pre).
[[0;32m  OK  [0m] Reached target Local File Systems.
         Starting ebtables ruleset management...
         Starting Set console font and keymap...
         Starting AppArmor initialization...
         Starting Tell Plymouth To Write Out Runtime Data...
[[0;32m  OK  [0m] Started udev Kernel Device Manager.
[[0;32m  OK  [0m] Started Set console font and keymap.
[[0;32m  OK  [0m] Started Tell Plymouth To Write Out Runtime Data.
[[0;32m  OK  [0m] Started Dispatch Password Requests to Console Directory Watch.
[[0;32m  OK  [0m] Reached target Local Encrypted Volumes.
[[0;32m  OK  [0m] Started Flush Journal to Persistent Storage.
         Starting Create Volatile Files and Directories...
[[0;32m  OK  [0m] Started ebtables ruleset management.
[[0;32m  OK  [0m] Started Create Volatile Files and Directories.
         Starting Update UTMP about System Boot/Shutdown...
[[0;32m  OK  [0m] Started Update UTMP about System Boot/Shutdown.
[[0;32m  OK  [0m] Started AppArmor initialization.
[[0;32m  OK  [0m] Found device /dev/ttyS0.
         Starting Initial cloud-init job (pre-networking)...
[[0;32m  OK  [0m] Listening on Load/Save RF Kill Switch Status /dev/rfkill Watch.
[   39.406069] cloud-init[530]: Cloud-init v. 19.3-41-gc4735dd3-0ubuntu1~18.04.1 running 'init-local' at Mon, 16 Mar 2020 07:22:28 +0000. Up 39.16 seconds.
[[0;32m  OK  [0m] Started Initial cloud-init job (pre-networking).
[[0;32m  OK  [0m] Reached target Network (Pre).
         Starting Network Service...
[[0;32m  OK  [0m] Started Network Service.
         Starting Network Name Resolution...
         Starting Wait for Network to be Configured...
[[0;32m  OK  [0m] Started Network Name Resolution.
[[0;32m  OK  [0m] Reached target Network.
[[0;32m  OK  [0m] Reached target Host and Network Name Lookups.
[[0;32m  OK  [0m] Started Wait for Network to be Configured.
         Starting Initial cloud-init job (metadata service crawler)...
[   42.019155] cloud-init[679]: Cloud-init v. 19.3-41-gc4735dd3-0ubuntu1~18.04.1 running 'init' at Mon, 16 Mar 2020 07:22:31 +0000. Up 41.73 seconds.
[   42.056486] cloud-init[679]: ci-info: ++++++++++++++++++++++++++++++++++++++Net device info+++++++++++++++++++++++++++++++++++++++
[   42.136478] cloud-init[679]: ci-info: +--------+------+-----------------------------+---------------+--------+-------------------+
[   42.204315] cloud-init[679]: ci-info: | Device |  Up  |           Address           |      Mask     | Scope  |     Hw-Address    |
[   42.248353] cloud-init[679]: ci-info: +--------+------+-----------------------------+---------------+--------+-------------------+
[   42.292563] cloud-init[679]: ci-info: | enp0s3 | True |          10.0.2.15          | 255.255.255.0 | global | 02:6f:f9:1e:39:dc |
[   42.328082] cloud-init[679]: ci-info: | enp0s3 | True |  fe80::6f:f9ff:fe1e:39dc/64 |       .       |  link  | 02:6f:f9:1e:39:dc |
[   42.384830] cloud-init[679]: ci-info: | enp0s8 | True |        192.168.33.10        | 255.255.255.0 | global | 08:00:27:56:f6:c9 |
[   42.410604] cloud-init[679]: ci-info: | enp0s8 | True | fe80::a00:27ff:fe56:f6c9/64 |       .       |  link  | 08:00:27:56:f6:c9 |
[   42.429336] cloud-init[679]: ci-info: |   lo   | True |          127.0.0.1          |   255.0.0.0   |  host  |         .         |
[   42.464601] cloud-init[679]: ci-info: |   lo   | True |           ::1/128           |       .       |  host  |         .         |
[[0;32m  OK  [0m] Started Initial cloud-init job (metadata service crawler).
[   42.528787] cloud-init[679]: ci-info: +--------+------+-----------------------------+---------------+--------+-------------------+
[[   42.638791] cloud-init[679]: ci-info: +++++++++++++++++++++++++++++Route IPv4 info+++++++++++++++++++++++++++++
[   42.639063] cloud-init[679]: ci-info: +-------+--------------+----------+-----------------+-----------+-------+
[0;32m  OK  [0m] Reached target Network is Online.
[   42.639841] cloud-init[679]: ci-info: | Route | Destination  | Gateway  |     Genmask     | Interface | Flags |
         Starting Availability of block devices...
[   42.812218] cloud-init[679]: ci-info: +-------+--------------+----------+-----------------+-----------+-------+
[[   42.848750] cloud-init[679]: ci-info: |   0   |   0.0.0.0    | 10.0.2.2 |     0.0.0.0     |   enp0s3  |   UG  |
[   42.848984] cloud-init[679]: ci-info: |   1   |   10.0.2.0   | 0.0.0.0  |  255.255.255.0  |   enp0s3  |   U   |
[0;32m  OK  [0m] Reached target Remote File Systems (Pre).
[   42.849489] cloud-init[679]: ci-info: |   2   |   10.0.2.2   | 0.0.0.0  | 255.255.255.255 |   enp0s3  |   UH  |
[   42.967182] cloud-init[679]: ci-info: |   3   | 192.168.33.0 | 0.0.0.0  |  255.255.255.0  |   enp0s8  |   U   |
[   42.967404] cloud-init[679]: ci-info: +-------+--------------+----------+-----------------+-----------+-------+
[[0;32m  OK  [0m] Reached target Remote File Systems.
[   42.969237] cloud-init[679]: ci-info: +++++++++++++++++++Route IPv6 info+++++++++++++++++++
[[   43.141246] cloud-init[679]: ci-info: +-------+-------------+---------+-----------+-------+
[   43.141646] cloud-init[679]: ci-info: | Route | Destination | Gateway | Interface | Flags |
[0;32m  OK  [0m] Reached target Cloud-config availability.
[   43.142112] cloud-init[679]: ci-info: +-------+-------------+---------+-----------+-------+
[[0;32m  OK  [0m] Reached target System Initialization.
[   43.231194] cloud-init[679]: ci-info: |   1   |  fe80::/64  |    ::   |   enp0s8  |   U   |
[[   43.296340] cloud-init[679]: ci-info: |   2   |  fe80::/64  |    ::   |   enp0s3  |   U   |
[   43.296799] cloud-init[679]: ci-info: |   4   |    local    |    ::   |   enp0s3  |   U   |
[0;32m  OK  [0m] Listening on UUID daemon activation socket.
[   43.297436] cloud-init[679]: ci-info: |   5   |    local    |    ::   |   enp0s8  |   U   |
[[   43.440308] cloud-init[679]: ci-info: |   6   |   ff00::/8  |    ::   |   enp0s8  |   U   |
[   43.440871] cloud-init[679]: ci-info: |   7   |   ff00::/8  |    ::   |   enp0s3  |   U   |
[0;32m  OK  [0m] Started ACPI Events Check.
[   43.441691] cloud-init[679]: ci-info: +-------+-------------+---------+-----------+-------+
[[0;32m  OK  [0m] Listening on ACPID Listen Socket.
[[0;32m  OK  [0m] Listening on Open-iSCSI iscsid Socket.
[[0;32m  OK  [0m] Started Daily apt download activities.
         Starting Socket activation for snappy daemon.
[[0;32m  OK  [0m] Started Daily apt upgrade and clean activities.
[[0;32m  OK  [0m] Started Daily Cleanup of Temporary Directories.
[[0;32m  OK  [0m] Started Message of the Day.
[[0;32m  OK  [0m] Reached target Paths.
         Starting LXD - unix socket.
[[0;32m  OK  [0m] Started Discard unused blocks once a week.
[[0;32m  OK  [0m] Reached target Timers.
[[0;32m  OK  [0m] Listening on D-Bus System Message Bus Socket.
[[0;32m  OK  [0m] Started Availability of block devices.
[[0;32m  OK  [0m] Listening on Socket activation for snappy daemon.
[[0;32m  OK  [0m] Listening on LXD - unix socket.
[[0;32m  OK  [0m] Reached target Sockets.
[[0;32m  OK  [0m] Reached target Basic System.
[[0;32m  OK  [0m] Started Regular background program processing daemon.
         Starting LSB: automatic crash report generation...
         Starting Login Service...
         Starting LSB: Record successful boot for GRUB...
[[0;32m  OK  [0m] Started Deferred execution scheduler.
         Starting Dispatcher daemon for systemd-networkd...
         Starting LXD - container startup/shutdown...
         Starting Virtualbox guest utils...
[[0;32m  OK  [0m] Started FUSE filesystem for LXC.
[[0;32m  OK  [0m] Started irqbalance daemon.
         Starting System Logging Service...
         Starting OpenBSD Secure Shell server...
         Starting Snappy daemon...
         Starting Accounts Service...
[[0;32m  OK  [0m] Started D-Bus System Message Bus.
         Starting Permit User Sessions...
[[0;32m  OK  [0m] Started System Logging Service.
[[0;32m  OK  [0m] Started Dispatcher daemon for systemd-networkd.
[[0;32m  OK  [0m] Started LXD - container startup/shutdown.
[[0;32m  OK  [0m] Started Permit User Sessions.
[[0;32m  OK  [0m] Started OpenBSD Secure Shell server.
[[0;32m  OK  [0m] Started Login Service.
         Starting Authorization Manager...
[[0;32m  OK  [0m] Started Unattended Upgrades Shutdown.
         Starting Hold until boot process finishes up...
         Starting Terminate Plymouth Boot Screen...
[[0;32m  OK  [0m] Started LSB: automatic crash report generation.
[[0;32m  OK  [0m] Started LSB: Record successful boot for GRUB.
[[0;32m  OK  [0m] Started Virtualbox guest utils.
[[0;32m  OK  [0m] Started Hold until boot process finishes up.
[[0;32m  OK  [0m] Started Terminate Plymouth Boot Screen.
[[0;32m  OK  [0m] Started Authorization Manager.
[[0;32m  OK  [0m] Started Accounts Service.
[[0;32m  OK  [0m] Created slice User Slice of vagrant.
[[0;32m  OK  [0m] Started Serial Getty on ttyS0.
         Starting Set console scheme...
[[0;32m  OK  [0m] Started Set console scheme.
[[0;32m  OK  [0m] Started Snappy daemon.
         Starting User Manager for UID 1000...
         Starting Wait until snapd is fully seeded...
[[0;32m  OK  [0m] Created slice system-getty.slice.
[[0;32m  OK  [0m] Started Getty on tty1.
[[0;32m  OK  [0m] Reached target Login Prompts.
[[0;32m  OK  [0m] Started User Manager for UID 1000.
[[0;32m  OK  [0m] Started Wait until snapd is fully seeded.
[[0;32m  OK  [0m] Started Session 1 of user vagrant.
[[0;32m  OK  [0m] Reached target Multi-User System.
[[0;32m  OK  [0m] Reached target Graphical Interface.
         Starting Update UTMP about System Runlevel Changes...
         Starting Apply the settings specified in cloud-config...
[[0;32m  OK  [0m] Started Update UTMP about System Runlevel Changes.
[   46.579337] cloud-init[1215]: Cloud-init v. 19.3-41-gc4735dd3-0ubuntu1~18.04.1 running 'modules:config' at Mon, 16 Mar 2020 07:22:36 +0000. Up 46.43 seconds.
[[0;32m  OK  [0m] Started Apply the settings specified in cloud-config.
         Starting Execute cloud user/final scripts...
[   47.533125] cloud-init[1295]: Cloud-init v. 19.3-41-gc4735dd3-0ubuntu1~18.04.1 running 'modules:final' at Mon, 16 Mar 2020 07:22:37 +0000. Up 47.32 seconds.
[   47.594756] cloud-init[1295]: Cloud-init v. 19.3-41-gc4735dd3-0ubuntu1~18.04.1 finished at Mon, 16 Mar 2020 07:22:37 +0000. Datasource DataSourceNoCloud [seed=/dev/sdb][dsmode=net].  Up 47.51 seconds
[[0;32m  OK  [0m] Started Execute cloud user/final scripts.
[[0;32m  OK  [0m] Reached target Cloud-init target.

Ubuntu 18.04.3 LTS ubuntu-bionic ttyS0

ubuntu-bionic login: 